// Jest Snapshot v1, https://goo.gl/fbAQLP

exports[`renders correctly 1`] = `
"<section class=\\"flex border-b border-gray-200 text-black\\"><button type=\\"button\\" class=\\"px-3 focus:outline-none\\"><svg class=\\"w-6 h-6\\" fill=\\"currentColor\\" viewBox=\\"0 0 20 20\\" xmlns=\\"http://www.w3.org/2000/svg\\" data-testid=\\"base-icon\\">
      <path fill-rule=\\"evenodd\\" d=\\"M9.707 16.707a1 1 0 01-1.414 0l-6-6a1 1 0 010-1.414l6-6a1 1 0 011.414 1.414L5.414 9H17a1 1 0 110 2H5.414l4.293 4.293a1 1 0 010 1.414z\\" clip-rule=\\"evenodd\\"></path>
    </svg></button><span class=\\"py-3\\">title</span></section>"
`;
